[0m10:59:52.268589 [debug] [MainThread]: Sending event: {'category': 'dbt', 'action': 'invocation', 'label': 'start', 'context': [<snowplow_tracker.self_describing_json.SelfDescribingJson object at 0x000001DDDD51A8D0>, <snowplow_tracker.self_describing_json.SelfDescribingJson object at 0x000001DDDCE369C0>, <snowplow_tracker.self_describing_json.SelfDescribingJson object at 0x000001DDDCBD3C80>]}


============================== 10:59:52.278787 | d1de2599-8819-4801-9ed3-c3c0c10d2162 ==============================
[0m10:59:52.278787 [info ] [MainThread]: Running with dbt=1.9.2
[0m10:59:52.280760 [debug] [MainThread]: running dbt with arguments {'printer_width': '80', 'indirect_selection': 'eager', 'write_json': 'True', 'log_cache_events': 'False', 'partial_parse': 'True', 'cache_selected_only': 'False', 'profiles_dir': 'C:\\Users\\Hp\\.dbt', 'debug': 'False', 'version_check': 'True', 'log_path': 'logs', 'fail_fast': 'False', 'warn_error': 'None', 'use_colors': 'True', 'use_experimental_parser': 'False', 'empty': 'None', 'quiet': 'False', 'no_print': 'None', 'log_format': 'default', 'introspect': 'True', 'static_parser': 'True', 'warn_error_options': 'WarnErrorOptions(include=[], exclude=[])', 'target_path': 'None', 'invocation_command': 'dbt init my_project', 'send_anonymous_usage_stats': 'True'}
[0m10:59:52.328869 [warn ] [MainThread]: [ConfigFolderDirectory]: Unable to parse logging event dictionary. Failed to parse dir field: expected string or bytes-like object, got 'WindowsPath'.. Dictionary: {'dir': WindowsPath('C:/Users/Hp/.dbt')}
[0m10:59:52.331802 [info ] [MainThread]: Creating dbt configuration folder at 
[0m10:59:52.337627 [debug] [MainThread]: Starter project path: C:\Users\Hp\Videos\karaDataEngineering1\myvenv\Lib\site-packages\dbt\include\starter_project
[0m10:59:52.365179 [info ] [MainThread]: 
Your new dbt project "my_project" was created!

For more information on how to configure the profiles.yml file,
please consult the dbt documentation here:

  https://docs.getdbt.com/docs/configure-your-profile

One more thing:

Need help? Don't hesitate to reach out to us via GitHub issues or on Slack:

  https://community.getdbt.com/

Happy modeling!

[0m10:59:52.373321 [info ] [MainThread]: Setting up your profile.
[0m11:00:54.330014 [error] [MainThread]: Encountered an error:
list index out of range
[0m11:00:54.335250 [error] [MainThread]: Traceback (most recent call last):
  File "C:\Users\Hp\Videos\karaDataEngineering1\myvenv\Lib\site-packages\dbt\cli\requires.py", line 153, in wrapper
    result, success = func(*args, **kwargs)
                      ^^^^^^^^^^^^^^^^^^^^^
  File "C:\Users\Hp\Videos\karaDataEngineering1\myvenv\Lib\site-packages\dbt\cli\requires.py", line 103, in wrapper
    return func(*args, **kwargs)
           ^^^^^^^^^^^^^^^^^^^^^
  File "C:\Users\Hp\Videos\karaDataEngineering1\myvenv\Lib\site-packages\dbt\cli\main.py", line 477, in init
    results = task.run()
              ^^^^^^^^^^
  File "C:\Users\Hp\Videos\karaDataEngineering1\myvenv\Lib\site-packages\dbt\task\init.py", line 346, in run
    self.setup_profile(profile_name)
  File "C:\Users\Hp\Videos\karaDataEngineering1\myvenv\Lib\site-packages\dbt\task\init.py", line 261, in setup_profile
    adapter = self.ask_for_adapter_choice()
              ^^^^^^^^^^^^^^^^^^^^^^^^^^^^^
  File "C:\Users\Hp\Videos\karaDataEngineering1\myvenv\Lib\site-packages\dbt\task\init.py", line 243, in ask_for_adapter_choice
    return available_adapters[numeric_choice - 1]
           ~~~~~~~~~~~~~~~~~~^^^^^^^^^^^^^^^^^^^^
IndexError: list index out of range

[0m11:00:54.347127 [debug] [MainThread]: Command `dbt init` failed at 11:00:54.346093 after 62.35 seconds
[0m11:00:54.349092 [debug] [MainThread]: Sending event: {'category': 'dbt', 'action': 'invocation', 'label': 'end', 'context': [<snowplow_tracker.self_describing_json.SelfDescribingJson object at 0x000001DDDCFF6420>, <snowplow_tracker.self_describing_json.SelfDescribingJson object at 0x000001DDDD47D370>, <snowplow_tracker.self_describing_json.SelfDescribingJson object at 0x000001DDDD67B9B0>]}
[0m11:00:54.351352 [debug] [MainThread]: Flushing usage events
[0m11:01:04.396295 [debug] [MainThread]: An error was encountered while trying to flush usage events
[0m11:02:03.443878 [debug] [MainThread]: Sending event: {'category': 'dbt', 'action': 'invocation', 'label': 'start', 'context': [<snowplow_tracker.self_describing_json.SelfDescribingJson object at 0x00000270F04B1D00>, <snowplow_tracker.self_describing_json.SelfDescribingJson object at 0x00000270F04B18B0>, <snowplow_tracker.self_describing_json.SelfDescribingJson object at 0x00000270ED9B79E0>]}


============================== 11:02:03.456400 | 1c993faf-0519-4001-b544-8c380ae1e3c0 ==============================
[0m11:02:03.456400 [info ] [MainThread]: Running with dbt=1.9.2
[0m11:02:03.465113 [debug] [MainThread]: running dbt with arguments {'printer_width': '80', 'indirect_selection': 'eager', 'log_cache_events': 'False', 'write_json': 'True', 'partial_parse': 'True', 'cache_selected_only': 'False', 'warn_error': 'None', 'version_check': 'True', 'fail_fast': 'False', 'log_path': 'logs', 'profiles_dir': 'C:\\Users\\Hp\\.dbt', 'debug': 'False', 'use_colors': 'True', 'use_experimental_parser': 'False', 'empty': 'None', 'quiet': 'False', 'no_print': 'None', 'warn_error_options': 'WarnErrorOptions(include=[], exclude=[])', 'invocation_command': 'dbt init my_project', 'introspect': 'True', 'static_parser': 'True', 'target_path': 'None', 'log_format': 'default', 'send_anonymous_usage_stats': 'True'}
[0m11:02:03.563351 [info ] [MainThread]: A project called my_project already exists here.
[0m11:02:03.571148 [debug] [MainThread]: Command `dbt init` succeeded at 11:02:03.569726 after 0.43 seconds
[0m11:02:03.573146 [debug] [MainThread]: Sending event: {'category': 'dbt', 'action': 'invocation', 'label': 'end', 'context': [<snowplow_tracker.self_describing_json.SelfDescribingJson object at 0x00000270EF70B740>, <snowplow_tracker.self_describing_json.SelfDescribingJson object at 0x00000270ED623170>, <snowplow_tracker.self_describing_json.SelfDescribingJson object at 0x00000270F084A750>]}
[0m11:02:03.576103 [debug] [MainThread]: Flushing usage events
[0m11:02:07.135130 [debug] [MainThread]: An error was encountered while trying to flush usage events
[0m11:04:36.968648 [debug] [MainThread]: Sending event: {'category': 'dbt', 'action': 'invocation', 'label': 'start', 'context': [<snowplow_tracker.self_describing_json.SelfDescribingJson object at 0x000001F17AC32F30>, <snowplow_tracker.self_describing_json.SelfDescribingJson object at 0x000001F17DAC5940>, <snowplow_tracker.self_describing_json.SelfDescribingJson object at 0x000001F17D7A4800>]}


============================== 11:04:36.981088 | 156b8348-db42-4531-9631-fd06079bfb3d ==============================
[0m11:04:36.981088 [info ] [MainThread]: Running with dbt=1.9.2
[0m11:04:36.984092 [debug] [MainThread]: running dbt with arguments {'printer_width': '80', 'indirect_selection': 'eager', 'log_cache_events': 'False', 'write_json': 'True', 'partial_parse': 'True', 'cache_selected_only': 'False', 'profiles_dir': 'C:\\Users\\Hp\\.dbt', 'fail_fast': 'False', 'version_check': 'True', 'log_path': 'logs', 'debug': 'False', 'warn_error': 'None', 'use_colors': 'True', 'use_experimental_parser': 'False', 'no_print': 'None', 'quiet': 'False', 'empty': 'None', 'warn_error_options': 'WarnErrorOptions(include=[], exclude=[])', 'static_parser': 'True', 'log_format': 'default', 'introspect': 'True', 'target_path': 'None', 'invocation_command': 'dbt init my_project', 'send_anonymous_usage_stats': 'True'}
[0m11:04:37.053793 [debug] [MainThread]: Starter project path: C:\Users\Hp\Videos\karaDataEngineering1\myvenv\Lib\site-packages\dbt\include\starter_project
[0m11:04:37.090967 [info ] [MainThread]: 
Your new dbt project "my_project" was created!

For more information on how to configure the profiles.yml file,
please consult the dbt documentation here:

  https://docs.getdbt.com/docs/configure-your-profile

One more thing:

Need help? Don't hesitate to reach out to us via GitHub issues or on Slack:

  https://community.getdbt.com/

Happy modeling!

[0m11:04:37.098724 [info ] [MainThread]: Setting up your profile.
[0m11:17:40.205643 [info ] [MainThread]: Profile my_project written to C:\Users\Hp\.dbt\profiles.yml using target's profile_template.yml and your supplied values. Run 'dbt debug' to validate the connection.
[0m11:17:40.210972 [debug] [MainThread]: Command `dbt init` succeeded at 11:17:40.210972 after 783.58 seconds
[0m11:17:40.214496 [debug] [MainThread]: Sending event: {'category': 'dbt', 'action': 'invocation', 'label': 'end', 'context': [<snowplow_tracker.self_describing_json.SelfDescribingJson object at 0x000001F17DAF2AE0>, <snowplow_tracker.self_describing_json.SelfDescribingJson object at 0x000001F17DF09490>, <snowplow_tracker.self_describing_json.SelfDescribingJson object at 0x000001F17DDB0620>]}
[0m11:17:40.215499 [debug] [MainThread]: Flushing usage events
[0m11:17:46.005546 [debug] [MainThread]: An error was encountered while trying to flush usage events
[0m19:46:09.699203 [debug] [MainThread]: Sending event: {'category': 'dbt', 'action': 'invocation', 'label': 'start', 'context': [<snowplow_tracker.self_describing_json.SelfDescribingJson object at 0x0000028A4BCB5310>, <snowplow_tracker.self_describing_json.SelfDescribingJson object at 0x0000028A4B8753A0>, <snowplow_tracker.self_describing_json.SelfDescribingJson object at 0x0000028A4BCB6960>]}


============================== 19:46:09.723970 | 8d76f874-faf6-42da-9cd0-ded4871916c0 ==============================
[0m19:46:09.723970 [info ] [MainThread]: Running with dbt=1.9.2
[0m19:46:09.729926 [debug] [MainThread]: running dbt with arguments {'printer_width': '80', 'indirect_selection': 'eager', 'write_json': 'True', 'log_cache_events': 'False', 'partial_parse': 'True', 'cache_selected_only': 'False', 'profiles_dir': 'C:\\Users\\Hp\\.dbt', 'version_check': 'True', 'debug': 'False', 'log_path': 'logs', 'warn_error': 'None', 'fail_fast': 'False', 'use_colors': 'True', 'use_experimental_parser': 'False', 'no_print': 'None', 'quiet': 'False', 'empty': 'None', 'log_format': 'default', 'invocation_command': 'dbt debug', 'warn_error_options': 'WarnErrorOptions(include=[], exclude=[])', 'introspect': 'True', 'target_path': 'None', 'static_parser': 'True', 'send_anonymous_usage_stats': 'True'}
[0m19:46:09.871194 [info ] [MainThread]: dbt version: 1.9.2
[0m19:46:09.876342 [info ] [MainThread]: python version: 3.12.3
[0m19:46:09.881785 [info ] [MainThread]: python path: C:\Users\Hp\Videos\karaDataEngineering1\myvenv\Scripts\python.exe
[0m19:46:09.887972 [info ] [MainThread]: os info: Windows-11-10.0.22000-SP0
[0m19:46:10.232785 [info ] [MainThread]: Using profiles dir at C:\Users\Hp\.dbt
[0m19:46:10.248645 [info ] [MainThread]: Using profiles.yml file at C:\Users\Hp\.dbt\profiles.yml
[0m19:46:10.250647 [info ] [MainThread]: Using dbt_project.yml file at C:\Users\Hp\Videos\karaDataEngineering1\dbt_project.yml
[0m19:46:10.254295 [info ] [MainThread]: adapter type: postgres
[0m19:46:10.255810 [info ] [MainThread]: adapter version: 1.9.0
[0m19:46:10.257818 [info ] [MainThread]: Configuration:
[0m19:46:10.260148 [info ] [MainThread]:   profiles.yml file [[32mOK found and valid[0m]
[0m19:46:10.261233 [info ] [MainThread]:   dbt_project.yml file [[31mERROR not found[0m]
[0m19:46:10.263052 [info ] [MainThread]: Required dependencies:
[0m19:46:10.267163 [debug] [MainThread]: Executing "git --help"
[0m19:46:10.363457 [debug] [MainThread]: STDOUT: "b"usage: git [-v | --version] [-h | --help] [-C <path>] [-c <name>=<value>]\n           [--exec-path[=<path>]] [--html-path] [--man-path] [--info-path]\n           [-p | --paginate | -P | --no-pager] [--no-replace-objects] [--no-lazy-fetch]\n           [--no-optional-locks] [--no-advice] [--bare] [--git-dir=<path>]\n           [--work-tree=<path>] [--namespace=<name>] [--config-env=<name>=<envvar>]\n           <command> [<args>]\n\nThese are common Git commands used in various situations:\n\nstart a working area (see also: git help tutorial)\n   clone      Clone a repository into a new directory\n   init       Create an empty Git repository or reinitialize an existing one\n\nwork on the current change (see also: git help everyday)\n   add        Add file contents to the index\n   mv         Move or rename a file, a directory, or a symlink\n   restore    Restore working tree files\n   rm         Remove files from the working tree and from the index\n\nexamine the history and state (see also: git help revisions)\n   bisect     Use binary search to find the commit that introduced a bug\n   diff       Show changes between commits, commit and working tree, etc\n   grep       Print lines matching a pattern\n   log        Show commit logs\n   show       Show various types of objects\n   status     Show the working tree status\n\ngrow, mark and tweak your common history\n   backfill   Download missing objects in a partial clone\n   branch     List, create, or delete branches\n   commit     Record changes to the repository\n   merge      Join two or more development histories together\n   rebase     Reapply commits on top of another base tip\n   reset      Reset current HEAD to the specified state\n   switch     Switch branches\n   tag        Create, list, delete or verify a tag object signed with GPG\n\ncollaborate (see also: git help workflows)\n   fetch      Download objects and refs from another repository\n   pull       Fetch from and integrate with another repository or a local branch\n   push       Update remote refs along with associated objects\n\n'git help -a' and 'git help -g' list available subcommands and some\nconcept guides. See 'git help <command>' or 'git help <concept>'\nto read about a specific subcommand or concept.\nSee 'git help git' for an overview of the system.\n""
[0m19:46:10.365272 [debug] [MainThread]: STDERR: "b''"
[0m19:46:10.366274 [info ] [MainThread]:  - git [[32mOK found[0m]

[0m19:46:10.369452 [info ] [MainThread]: Connection:
[0m19:46:10.371499 [info ] [MainThread]:   host: localhost
[0m19:46:10.374325 [info ] [MainThread]:   port: 5432
[0m19:46:10.377448 [info ] [MainThread]:   user: postgres
[0m19:46:10.380142 [info ] [MainThread]:   database: ethiopian_medical_data
[0m19:46:10.382066 [info ] [MainThread]:   schema: dbt_transformed
[0m19:46:10.385821 [info ] [MainThread]:   connect_timeout: 10
[0m19:46:10.388665 [info ] [MainThread]:   role: None
[0m19:46:10.392114 [info ] [MainThread]:   search_path: None
[0m19:46:10.395790 [info ] [MainThread]:   keepalives_idle: 0
[0m19:46:10.399552 [info ] [MainThread]:   sslmode: None
[0m19:46:10.402342 [info ] [MainThread]:   sslcert: None
[0m19:46:10.406339 [info ] [MainThread]:   sslkey: None
[0m19:46:10.409149 [info ] [MainThread]:   sslrootcert: None
[0m19:46:10.411151 [info ] [MainThread]:   application_name: dbt
[0m19:46:10.415823 [info ] [MainThread]:   retries: 1
[0m19:46:10.422236 [info ] [MainThread]: Registered adapter: postgres=1.9.0
[0m19:46:11.111439 [debug] [MainThread]: Acquiring new postgres connection 'debug'
[0m19:46:18.911842 [debug] [MainThread]: Using postgres connection "debug"
[0m19:46:18.914201 [debug] [MainThread]: On debug: select 1 as id
[0m19:46:18.916269 [debug] [MainThread]: Opening a new connection, currently in state init
[0m19:46:19.029636 [debug] [MainThread]: SQL status: SELECT 1 in 0.113 seconds
[0m19:46:19.032820 [debug] [MainThread]: On debug: Close
[0m19:46:19.034355 [info ] [MainThread]:   Connection test: [[32mOK connection ok[0m]

[0m19:46:19.037082 [info ] [MainThread]: [31m1 check failed:[0m
[0m19:46:19.040081 [info ] [MainThread]: Project loading failed for the following reason:
 project path <C:\Users\Hp\Videos\karaDataEngineering1\dbt_project.yml> not found

[0m19:46:19.045085 [debug] [MainThread]: Command `dbt debug` failed at 19:46:19.044089 after 9.72 seconds
[0m19:46:19.047245 [debug] [MainThread]: Connection 'debug' was properly closed.
[0m19:46:19.048705 [debug] [MainThread]: Sending event: {'category': 'dbt', 'action': 'invocation', 'label': 'end', 'context': [<snowplow_tracker.self_describing_json.SelfDescribingJson object at 0x0000028A4B8B4B30>, <snowplow_tracker.self_describing_json.SelfDescribingJson object at 0x0000028A4C16B7D0>, <snowplow_tracker.self_describing_json.SelfDescribingJson object at 0x0000028A4C112A20>]}
[0m19:46:19.051155 [debug] [MainThread]: Flushing usage events
[0m19:46:20.590467 [debug] [MainThread]: An error was encountered while trying to flush usage events
